nftset=/deepmind.com/4#inet#fw4#vpn_domains
nftset=/deepmind.google/4#inet#fw4#vpn_domains
nftset=/geller-pa.googleapis.com/4#inet#fw4#vpn_domains
nftset=/generativelanguage.googleapis.com/4#inet#fw4#vpn_domains
nftset=/proactivebackend-pa.googleapis.com/4#inet#fw4#vpn_domains
nftset=/ai.google.dev/4#inet#fw4#vpn_domains
nftset=/generativeai.google/4#inet#fw4#vpn_domains
nftset=/makersuite.google.com/4#inet#fw4#vpn_domains
nftset=/aistudio.google.com/4#inet#fw4#vpn_domains
nftset=/bard.google.com/4#inet#fw4#vpn_domains
nftset=/gemini.google/4#inet#fw4#vpn_domains
nftset=/gemini.google.com/4#inet#fw4#vpn_domains
nftset=/notebooklm.google.com/4#inet#fw4#vpn_domains
nftset=/clients6.google.com/4#inet#fw4#vpn_domains
nftset=/notebooklm.google/4#inet#fw4#vpn_domains
nftset=/jules.google/4#inet#fw4#vpn_domains
nftset=/jules.google.com/4#inet#fw4#vpn_domains
nftset=/labs.google/4#inet#fw4#vpn_domains
nftset=/aisandbox-pa.googleapis.com/4#inet#fw4#vpn_domains
nftset=/stitch.withgoogle.com/4#inet#fw4#vpn_domains
nftset=/robinfrontend-pa.googleapis.com/4#inet#fw4#vpn_domains
nftset=/aida.googleapis.com/4#inet#fw4#vpn_domains
nftset=/antigravity-pa.googleapis.com/4#inet#fw4#vpn_domains
nftset=/antigravity.googleapis.com/4#inet#fw4#vpn_domains
nftset=/antigravity.google/4#inet#fw4#vpn_domains
nftset=/antigravity-unleash.goog/4#inet#fw4#vpn_domains
nftset=/firebaseinstallations.googleapis.com/4#inet#fw4#vpn_domains
nftset=/speechs3proto2-pa.googleapis.com/4#inet#fw4#vpn_domains
nftset=/gemini.gstatic.com/4#inet#fw4#vpn_domains
nftset=/waa-pa.clients6.google.com/4#inet#fw4#vpn_domains
nftset=/ogads-pa.clients6.google.com/4#inet#fw4#vpn_domains
nftset=/alkalicore-pa.clients6.google.com/4#inet#fw4#vpn_domains
nftset=/alkalimakersuite-pa.clients6.google.com/4#inet#fw4#vpn_domains
nftset=/webchannel-alkalimakersuite-pa.clients6.google.com/4#inet#fw4#vpn_domains
nftset=/cloudcode-pa.googleapis.com/4#inet#fw4#vpn_domains
nftset=/cloudaicompanion.googleapis.com/4#inet#fw4#vpn_domains
nftset=/notebooklm-pa.googleapis.com/4#inet#fw4#vpn_domains
nftset=/labs.google.com/4#inet#fw4#vpn_domains
nftset=/opal.google/4#inet#fw4#vpn_domains
